00:00:26 | speaker_0 | Senator Figueroa, morning. Good morning, Mr. Chair. Good morning, everyone. I am Natalie Figueroa. I represent Senate District 18 in the Northeast Heights of Albert, Turkey. Representative Lata. Good morning. Good morning. Good morning, Mr. Chair. Good morning, everyone. My name is Ray Lata. I represent House District 34 in Southern Indiana County. And represent Garrett. Good morning, Mr. Chair. I'm Joy Garrett. I represent Northwest, Bernalillo County, home of an airport, a petrile of National Monument.
00:00:58 | speaker_1 | We have it. And if you're in our listening audience and you have questions, you can text us and we'll ask questions on your behalf. Good morning, everybody. I'm Representative Andres Romero. I represent House District 10, which is the far South Valley of Bernalillo County, part of Southeast Albuquerque. I was going to make a joke about us as House members being here. But then Senator Figueroa, which is our former House member. So I caught it just in time.
00:01:29 | speaker_2 | But it was so good. I couldn't pass it the chance to say it. So please, Connor, good morning. We'll hold off on any business until later. So we'll just jump in to item number two, which is in our packet. So please, Connor, good morning.
00:01:43 | speaker_1 | Right. Good morning, Mr. Chair. Members of the committee. Thank you so much. We'll be behind tab two in your binders for this presentation. And as always, thank you for the opportunity to present to the committee on a topic of importance for educators, students, and families across New Mexico.
00:01:58 | speaker_2 | School climate. Joining me today are Deputy Secretary Yvonne Garcia, Deputy Secretary of Student Support Services at the Public Education Department and Dr. Sonia Siz, Behavioral Health Manager for PED Safe and Healthy Schools Bureau.
00:02:13 | speaker_1 | Now, the brief you see in front of you discusses school climate as a concept examines existing data on New Mexico students perceptions of their educational experience and offers an analysis of early indications from the state's school climate survey results. In addition, the brief provides an overview of the roles of school counselors, social workers, and psychologists, brief key behavioral health roles involved in supporting student well-being and highlight strategies seem nationwide to recruit and retain these professionals. Now, I know that school climate can sometimes feel like a nebulous concept. And when you ask folks to describe how to tell if a school has a positive or healthy climate, it's common to hear some variation of this.